// Jest Snapshot v1, https://goo.gl/fbAQLP

exports[`genJs.*.envFilePath invalid 1 1`] = `
"[
  {
    "code": "too_small",
    "minimum": 1,
    "type": "array",
    "inclusive": true,
    "exact": false,
    "message": "Array must contain at least 1 element(s)",
    "path": [
      "genJs",
      0,
      "envFilePath"
    ]
  }
]"
`;

exports[`genJs.*.mode invalid 1`] = `
"[
  {
    "code": "custom",
    "message": "[@runtime-env/cli] SyntaxError: No duplicate modes allowed",
    "path": [
      "genJs",
      0,
      "mode"
    ]
  },
  {
    "code": "custom",
    "message": "[@runtime-env/cli] SyntaxError: No duplicate modes allowed",
    "path": [
      "genJs",
      1,
      "mode"
    ]
  }
]"
`;

exports[`genJs.*.mode invalid 2`] = `
"[
  {
    "code": "custom",
    "message": "[@runtime-env/cli] SyntaxError: No duplicate modes allowed",
    "path": [
      "genJs",
      0,
      "mode"
    ]
  },
  {
    "code": "custom",
    "message": "[@runtime-env/cli] SyntaxError: No duplicate modes allowed",
    "path": [
      "genJs",
      2,
      "mode"
    ]
  }
]"
`;

exports[`globalVariableName invalid 1`] = `
"[
  {
    "code": "custom",
    "message": "[@runtime-env/cli] SyntaxError: Invalid variable name",
    "path": [
      "globalVariableName"
    ]
  }
]"
`;
